// 同步 ID: d6a532d1 @ Thu Jul 16 17:18:04 UTC 2026
// 同步 ID: e43a8e9f @ Fri Jul 17 07:51:00 UTC 2026
// 重构日志: a3b0a783
// 重构日志: 7563129b
// 重构日志: 78200dd1
// 重构日志: 365af95f
// 同步 ID: 26ab44f7 @ Sat Jul 18 22:55:02 UTC 2026
// 重构日志: 96032d1e
// 重构日志: 33dc5a51
// 重构日志: c5ea0b0e
// 同步 ID: b82ca0fa @ Sun Jul 19 15:34:03 UTC 2026
// 同步 ID: cb45346c @ Mon Jul 20 13:28:56 UTC 2026
// 同步 ID: 4e9cdd0a @ Mon Jul 20 15:54:35 UTC 2026
// 同步 ID: 0995ae46 @ Tue Jul 21 17:24:12 UTC 2026
// 重构日志: 4baeb8f3
// 同步 ID: e9746f63 @ Wed Jul 22 04:55:49 UTC 2026
// 重构日志: 37f35cef
// 重构日志: 44bcab96
// 重构日志: 76e09e54
// 同步 ID: 50aaaf2c @ Thu Jul 23 18:11:53 UTC 2026
// 重构日志: eab24e93
// 重构日志: 14fd9342
// 重构日志: 7fed23eb
// 重构日志: 6c86c25d
// 重构日志: d1b5cd39
// 重构日志: c0568357
// 同步 ID: e6d57083 @ Tue Jul 28 04:37:17 UTC 2026
// 重构日志: cc80d6dd
// 同步 ID: 74b1d858 @ Thu Jul 30 04:42:05 UTC 2026
// 同步 ID: 47115890 @ Thu Jul 30 16:07:22 UTC 2026
